// Vitest Snapshot v1, https://vitest.dev/guide/snapshot.html

exports[`admin permission matrix > grants each role the same read access as before 1`] = `
{
  "audit": {
    "admin": 200,
    "analyst": 200,
    "billing": 200,
    "support": 403,
    "user": 403,
  },
  "audit export (missing)": {
    "admin": 404,
    "analyst": 404,
    "billing": 404,
    "support": 403,
    "user": 403,
  },
  "billing": {
    "admin": 200,
    "analyst": 403,
    "billing": 200,
    "support": 403,
    "user": 403,
  },
  "credits": {
    "admin": 200,
    "analyst": 200,
    "billing": 200,
    "support": 403,
    "user": 403,
  },
  "financials": {
    "admin": 200,
    "analyst": 403,
    "billing": 200,
    "support": 403,
    "user": 403,
  },
  "governance": {
    "admin": 200,
    "analyst": 403,
    "billing": 403,
    "support": 403,
    "user": 403,
  },
  "incidents": {
    "admin": 200,
    "analyst": 200,
    "billing": 200,
    "support": 200,
    "user": 403,
  },
  "operations queue": {
    "admin": 200,
    "analyst": 200,
    "billing": 200,
    "support": 200,
    "user": 403,
  },
  "overview": {
    "admin": 200,
    "analyst": 200,
    "billing": 200,
    "support": 200,
    "user": 403,
  },
  "project detail": {
    "admin": 200,
    "analyst": 200,
    "billing": 403,
    "support": 200,
    "user": 403,
  },
  "projects": {
    "admin": 200,
    "analyst": 200,
    "billing": 403,
    "support": 200,
    "user": 403,
  },
  "render detail": {
    "admin": 200,
    "analyst": 200,
    "billing": 403,
    "support": 200,
    "user": 403,
  },
  "renders": {
    "admin": 200,
    "analyst": 200,
    "billing": 403,
    "support": 200,
    "user": 403,
  },
  "renders failed": {
    "admin": 200,
    "analyst": 200,
    "billing": 403,
    "support": 200,
    "user": 403,
  },
  "segmentation detail": {
    "admin": 200,
    "analyst": 200,
    "billing": 403,
    "support": 200,
    "user": 403,
  },
  "segmentations": {
    "admin": 200,
    "analyst": 200,
    "billing": 403,
    "support": 200,
    "user": 403,
  },
  "settings": {
    "admin": 200,
    "analyst": 403,
    "billing": 403,
    "support": 403,
    "user": 403,
  },
  "user detail": {
    "admin": 200,
    "analyst": 403,
    "billing": 200,
    "support": 200,
    "user": 403,
  },
  "users": {
    "admin": 200,
    "analyst": 403,
    "billing": 200,
    "support": 200,
    "user": 403,
  },
  "users search": {
    "admin": 200,
    "analyst": 403,
    "billing": 200,
    "support": 200,
    "user": 403,
  },
}
`;

exports[`admin permission matrix > grants each role the same write access as before 1`] = `
{
  "acknowledge incident": {
    "admin": "404 Incident not found",
    "analyst": "403 Forbidden",
    "billing": "404 Incident not found",
    "support": "404 Incident not found",
    "user": "403 Forbidden",
  },
  "approve": {
    "admin": "404 Approval request not found",
    "analyst": "403 Forbidden",
    "billing": "403 Forbidden",
    "support": "403 Forbidden",
    "user": "403 Forbidden",
  },
  "assign incident": {
    "admin": "400 Invalid request",
    "analyst": "403 Forbidden",
    "billing": "400 Invalid request",
    "support": "400 Invalid request",
    "user": "403 Forbidden",
  },
  "bulk credits": {
    "admin": "400 Invalid request",
    "analyst": "403 Forbidden",
    "billing": "400 Invalid request",
    "support": "403 Forbidden",
    "user": "403 Forbidden",
  },
  "cancel render": {
    "admin": "404 Render not found",
    "analyst": "403 Forbidden",
    "billing": "403 Forbidden",
    "support": "404 Render not found",
    "user": "403 Forbidden",
  },
  "create audit export": {
    "admin": "400 Invalid request",
    "analyst": "400 Invalid request",
    "billing": "400 Invalid request",
    "support": "403 Forbidden",
    "user": "403 Forbidden",
  },
  "execute": {
    "admin": "404 Approval request not found",
    "analyst": "403 Forbidden",
    "billing": "404 Approval request not found",
    "support": "403 Forbidden",
    "user": "403 Forbidden",
  },
  "governance update": {
    "admin": "400 Invalid request",
    "analyst": "403 Forbidden",
    "billing": "403 Forbidden",
    "support": "403 Forbidden",
    "user": "403 Forbidden",
  },
  "grant credits": {
    "admin": "400 Invalid request",
    "analyst": "403 Forbidden",
    "billing": "400 Invalid request",
    "support": "403 Forbidden",
    "user": "403 Forbidden",
  },
  "incident severity": {
    "admin": "400 Invalid request",
    "analyst": "403 Forbidden",
    "billing": "400 Invalid request",
    "support": "400 Invalid request",
    "user": "403 Forbidden",
  },
  "note": {
    "admin": "400 Invalid request",
    "analyst": "403 Forbidden",
    "billing": "400 Invalid request",
    "support": "400 Invalid request",
    "user": "403 Forbidden",
  },
  "notify incident": {
    "admin": "404 Incident not found",
    "analyst": "403 Forbidden",
    "billing": "404 Incident not found",
    "support": "404 Incident not found",
    "user": "403 Forbidden",
  },
  "recover segmentation": {
    "admin": "404 Segmentation not found",
    "analyst": "403 Forbidden",
    "billing": "403 Forbidden",
    "support": "404 Segmentation not found",
    "user": "403 Forbidden",
  },
  "refresh render": {
    "admin": "404 Render not found",
    "analyst": "403 Forbidden",
    "billing": "403 Forbidden",
    "support": "404 Render not found",
    "user": "403 Forbidden",
  },
  "refund payment": {
    "admin": "503 PayPal refunds are not configured",
    "analyst": "403 Forbidden",
    "billing": "503 PayPal refunds are not configured",
    "support": "403 Forbidden",
    "user": "403 Forbidden",
  },
  "reject": {
    "admin": "400 Invalid request",
    "analyst": "403 Forbidden",
    "billing": "403 Forbidden",
    "support": "403 Forbidden",
    "user": "403 Forbidden",
  },
  "replay webhook": {
    "admin": "404 Webhook event not found",
    "analyst": "403 Forbidden",
    "billing": "404 Webhook event not found",
    "support": "403 Forbidden",
    "user": "403 Forbidden",
  },
  "resolve incident": {
    "admin": "400 Invalid request",
    "analyst": "403 Forbidden",
    "billing": "400 Invalid request",
    "support": "400 Invalid request",
    "user": "403 Forbidden",
  },
  "revoke sessions": {
    "admin": "400 Invalid request",
    "analyst": "403 Forbidden",
    "billing": "403 Forbidden",
    "support": "403 Forbidden",
    "user": "403 Forbidden",
  },
  "tag": {
    "admin": "400 Invalid request",
    "analyst": "403 Forbidden",
    "billing": "400 Invalid request",
    "support": "400 Invalid request",
    "user": "403 Forbidden",
  },
  "update settings": {
    "admin": "400 Invalid request",
    "analyst": "403 Forbidden",
    "billing": "403 Forbidden",
    "support": "403 Forbidden",
    "user": "403 Forbidden",
  },
  "update user": {
    "admin": "400 Invalid request",
    "analyst": "403 Forbidden",
    "billing": "403 Forbidden",
    "support": "403 Forbidden",
    "user": "403 Forbidden",
  },
}
`;

exports[`admin read responses > returns the same data for every read endpoint 1`] = `
{
  "audit": {
    "body": {
      "events": [
        {
          "action": "user.update",
          "actorEmail": "admin@renvia.test",
          "actorId": "<uuid>",
          "createdAt": "<timestamp>",
          "detail": null,
          "id": "<uuid>",
          "summary": "Disabled other@example.test",
          "targetId": "<uuid>",
          "targetType": "user",
        },
        {
          "action": "credits.adjust",
          "actorEmail": "admin@renvia.test",
          "actorId": "<uuid>",
          "createdAt": "<timestamp>",
          "detail": {
            "amount": 5,
          },
          "id": "<uuid>",
          "summary": "Granted 5 credits",
          "targetId": "<uuid>",
          "targetType": "user",
        },
      ],
      "summary": {
        "actors": [
          {
            "count": 2,
            "email": "admin@renvia.test",
            "id": "<uuid>",
          },
        ],
        "byAction": {
          "approval.approve": 0,
          "approval.execute": 0,
          "approval.reject": 0,
          "approval.request": 0,
          "audit.export": 0,
          "billing.entitlement": 0,
          "billing.payment": 0,
          "billing.webhook": 0,
          "credits.adjust": 1,
          "customer.note": 0,
          "customer.tag": 0,
          "incident.update": 0,
          "render.cancel": 0,
          "render.refresh": 0,
          "segmentation.recover": 0,
          "settings.update": 0,
          "user.session_revoke": 0,
          "user.update": 1,
        },
        "last7Days": 2,
        "lastSettingsAt": null,
        "total": 2,
        "uniqueActors": 1,
      },
      "total": 2,
    },
    "status": 200,
  },
  "audit export (missing)": {
    "body": {
      "error": "Audit export not found",
    },
    "status": 404,
  },
  "billing": {
    "body": {
      "payments": [
        {
          "amountCents": 1000,
          "createdAt": "<timestamp>",
          "currency": "USD",
          "id": "<uuid>",
          "paidAt": "<timestamp>",
          "provider": "paypal",
          "providerPaymentId": "CAPTURE-SEED",
          "status": "paid",
          "userEmail": "customer@example.test",
          "userId": "<uuid>",
        },
      ],
      "plans": [
        {
          "active": true,
          "currency": "USD",
          "id": "<uuid>",
          "name": "Starter",
          "priceCents": 0,
          "slug": "starter",
          "subscribers": 1,
        },
      ],
      "summary": {
        "failedWebhooks": 1,
        "paidUsd": 10,
        "pendingWebhooks": 0,
        "refundedUsd": 0,
      },
      "webhooks": [
        {
          "attempts": 1,
          "createdAt": "<timestamp>",
          "eventType": "PAYMENT.CAPTURE.COMPLETED",
          "failureMessage": "No Renvia PayPal checkout matches this order",
          "id": "<uuid>",
          "provider": "paypal",
          "status": "failed",
        },
      ],
    },
    "status": 200,
  },
  "credits": {
    "body": {
      "entries": [
        {
          "actorEmail": null,
          "amount": 50,
          "createdAt": "<timestamp>",
          "id": "<uuid>",
          "note": "PayPal capture CAPTURE-SEED",
          "reason": "purchase",
          "renderId": null,
          "segmentationId": null,
          "userEmail": "customer@example.test",
          "userId": "<uuid>",
        },
        {
          "actorEmail": null,
          "amount": -1,
          "createdAt": "<timestamp>",
          "id": "<uuid>",
          "note": null,
          "reason": "render",
          "renderId": "<uuid>",
          "segmentationId": null,
          "userEmail": "customer@example.test",
          "userId": "<uuid>",
        },
        {
          "actorEmail": null,
          "amount": -1,
          "createdAt": "<timestamp>",
          "id": "<uuid>",
          "note": null,
          "reason": "segment",
          "renderId": null,
          "segmentationId": "<uuid>",
          "userEmail": "customer@example.test",
          "userId": "<uuid>",
        },
        {
          "actorEmail": "admin@renvia.test",
          "amount": 5,
          "createdAt": "<timestamp>",
          "id": "<uuid>",
          "note": "goodwill",
          "reason": "admin_grant",
          "renderId": null,
          "segmentationId": null,
          "userEmail": "customer@example.test",
          "userId": "<uuid>",
        },
        {
          "actorEmail": null,
          "amount": 25,
          "createdAt": "<timestamp>",
          "id": "<uuid>",
          "note": null,
          "reason": "signup_bonus",
          "renderId": null,
          "segmentationId": null,
          "userEmail": "customer@example.test",
          "userId": "<uuid>",
        },
      ],
      "summary": {
        "byReason": [
          {
            "count": 1,
            "reason": "segment",
            "totalAmount": -1,
          },
          {
            "count": 1,
            "reason": "purchase",
            "totalAmount": 50,
          },
          {
            "count": 1,
            "reason": "signup_bonus",
            "totalAmount": 25,
          },
          {
            "count": 1,
            "reason": "admin_grant",
            "totalAmount": 5,
          },
          {
            "count": 1,
            "reason": "render",
            "totalAmount": -1,
          },
        ],
        "granted": 80,
        "netLast7Days": 53,
        "outstanding": 140,
        "spent": 2,
      },
      "total": 5,
    },
    "status": 200,
  },
  "financials": {
    "body": {
      "daily": [
        {
          "day": "<day>",
          "estimatedCostUsd": 0.07,
          "failedPayments": 0,
          "refundsUsd": 0,
          "revenueUsd": 0,
        },
        {
          "day": "<day>",
          "estimatedCostUsd": 0.02,
          "failedPayments": 0,
          "refundsUsd": 0,
          "revenueUsd": 0,
        },
        {
          "day": "<day>",
          "estimatedCostUsd": 0,
          "failedPayments": 0,
          "refundsUsd": 0,
          "revenueUsd": 10,
        },
      ],
      "estimatedCost": {
        "dailyBurnUsd": 0.012857142857142857,
        "falUsd": 0.09,
        "projectedBudgetExhaustion": "<timestamp>",
        "reconciliationStatus": "not_connected",
        "trackedBudgetUsd": 0,
      },
      "margins": {
        "byCustomer": [
          {
            "email": "admin@renvia.test",
            "estimatedCostUsd": 0,
            "marginUsd": 0,
            "revenueUsd": 0,
            "userId": "<uuid>",
          },
          {
            "email": "analyst@renvia.test",
            "estimatedCostUsd": 0,
            "marginUsd": 0,
            "revenueUsd": 0,
            "userId": "<uuid>",
          },
          {
            "email": "billing@renvia.test",
            "estimatedCostUsd": 0,
            "marginUsd": 0,
            "revenueUsd": 0,
            "userId": "<uuid>",
          },
          {
            "email": "customer@example.test",
            "estimatedCostUsd": 0.07,
            "marginUsd": 9.93,
            "revenueUsd": 10,
            "userId": "<uuid>",
          },
          {
            "email": "other@example.test",
            "estimatedCostUsd": 0.02,
            "marginUsd": -0.02,
            "revenueUsd": 0,
            "userId": "<uuid>",
          },
          {
            "email": "support@renvia.test",
            "estimatedCostUsd": 0,
            "marginUsd": 0,
            "revenueUsd": 0,
            "userId": "<uuid>",
          },
          {
            "email": "user@renvia.test",
            "estimatedCostUsd": 0,
            "marginUsd": 0,
            "revenueUsd": 0,
            "userId": "<uuid>",
          },
        ],
        "byModel": [
          {
            "estimatedCostUsd": 0.09,
            "label": "mock",
            "renders": 3,
          },
        ],
        "byPack": [
          {
            "estimatedCostUsd": 0,
            "label": "Starter",
            "marginUsd": 10,
            "revenueUsd": 10,
          },
        ],
        "byPlan": [
          {
            "estimatedCostUsd": 0,
            "label": "Unattributed",
            "marginUsd": 10,
            "revenueUsd": 10,
          },
        ],
      },
      "revenue": {
        "capturedUsd": 10,
        "churnedSubscribers": 0,
        "conversionRate": 1,
        "failedPayments": 0,
        "mrrUsd": 0,
        "netUsd": 10,
        "refundedUsd": 0,
      },
    },
    "status": 200,
  },
  "governance": {
    "body": {
      "pending": [],
      "settings": {
        "bulkCreditApprovalThreshold": 500,
        "id": 1,
        "maintenanceApprovalThreshold": 1,
        "refundApprovalThresholdCents": 5000,
        "roleChangeApprovalThreshold": 1,
        "updatedAt": "<timestamp>",
        "updatedBy": null,
      },
    },
    "status": 200,
  },
  "incidents": {
    "body": {
      "incidents": [],
      "staff": [
        {
          "email": "admin@renvia.test",
          "id": "<uuid>",
          "role": "admin",
        },
        {
          "email": "billing@renvia.test",
          "id": "<uuid>",
          "role": "billing",
        },
        {
          "email": "support@renvia.test",
          "id": "<uuid>",
          "role": "support",
        },
      ],
      "summary": {
        "acknowledged": 0,
        "criticalOpen": 0,
        "failedNotifications": 0,
        "open": 0,
        "resolved": 0,
      },
    },
    "status": 200,
  },
  "operations queue": {
    "body": {
      "assignedIncidents": [],
      "failedJobs": [
        {
          "createdAt": "<timestamp>",
          "id": "<uuid>",
          "label": "Project 74",
          "type": "render",
          "userId": "<uuid>",
        },
      ],
      "pendingApprovals": [],
    },
    "status": 200,
  },
  "overview": {
    "body": {
      "activity": {
        "activeNow": [
          {
            "email": "customer@example.test",
            "id": "<uuid>",
            "lastActiveAt": "<timestamp>",
          },
        ],
        "measuredAt": "<timestamp>",
      },
      "alerts": [
        {
          "href": "/renders?status=processing",
          "id": "stuck_renders",
          "message": "1 render has been pending or processing for over 15 minutes.",
          "severity": "critical",
        },
        {
          "href": "/settings",
          "id": "engine_mode",
          "message": "Render engine is in mock mode — not charging production models.",
          "severity": "info",
        },
      ],
      "credits": {
        "granted": 80,
        "grantedLast7Days": 55,
        "outstanding": 140,
        "spent": 2,
        "spentLast7Days": 2,
      },
      "daily": [
        {
          "date": "<day>",
          "renders": 0,
          "spentUsd": 0,
        },
        {
          "date": "<day>",
          "renders": 0,
          "spentUsd": 0,
        },
        {
          "date": "<day>",
          "renders": 0,
          "spentUsd": 0,
        },
        {
          "date": "<day>",
          "renders": 0,
          "spentUsd": 0,
        },
        {
          "date": "<day>",
          "renders": 0,
          "spentUsd": 0,
        },
        {
          "date": "<day>",
          "renders": 0,
          "spentUsd": 0,
        },
        {
          "date": "<day>",
          "renders": 0,
          "spentUsd": 0,
        },
        {
          "date": "<day>",
          "renders": 0,
          "spentUsd": 0,
        },
        {
          "date": "<day>",
          "renders": 0,
          "spentUsd": 0,
        },
        {
          "date": "<day>",
          "renders": 0,
          "spentUsd": 0,
        },
        {
          "date": "<day>",
          "renders": 1,
          "spentUsd": 0,
        },
        {
          "date": "<day>",
          "renders": 2,
          "spentUsd": 0.07,
        },
        {
          "date": "<day>",
          "renders": 1,
          "spentUsd": 0.02,
        },
        {
          "date": "<day>",
          "renders": 0,
          "spentUsd": 0,
        },
      ],
      "projects": {
        "activeLast7Days": 2,
        "total": 2,
      },
      "recentFailures": [
        {
          "createdAt": "<timestamp>",
          "errorMessage": "model error",
          "id": "<uuid>",
          "kind": "render",
          "projectName": "Project 74",
          "sourceImageUrl": "https://example.test/source.png",
          "userEmail": "customer@example.test",
          "userId": "<uuid>",
        },
      ],
      "renders": {
        "byStatus": {
          "failed": 1,
          "pending": 0,
          "processing": 1,
          "succeeded": 2,
        },
        "failureRate": 0.3333333333333333,
        "stuckCount": 1,
        "stuckTimeoutMinutes": 15,
        "today": 0,
        "total": 4,
      },
      "segmentations": {
        "byStatus": {
          "failed": 0,
          "pending": 0,
          "succeeded": 1,
        },
        "failureRate": 0,
        "spentUsd": 0.005,
        "today": 0,
        "total": 1,
      },
      "spend": {
        "budgetCriticalPercent": 90,
        "budgetUsd": 0,
        "budgetWarningPercent": 70,
        "byModel": [
          {
            "model": "mock",
            "renders": 3,
            "spentUsd": 0.09,
          },
        ],
        "mode": "mock",
        "spentUsd": 0.095,
      },
      "tokenUsage": {
        "budgetUsd": 0,
        "configured": false,
        "measuredAt": "<timestamp>",
        "provider": "fal",
        "remainingUsd": 0,
        "spentUsd": 0.095,
        "usedPercent": null,
      },
      "topUsers": [
        {
          "email": "customer@example.test",
          "id": "<uuid>",
          "renders": 2,
          "spentUsd": 0.07,
        },
        {
          "email": "other@example.test",
          "id": "<uuid>",
          "renders": 1,
          "spentUsd": 0.02,
        },
      ],
      "users": {
        "activeLast24Hours": 1,
        "activeLast7Days": 1,
        "activeLastHour": 1,
        "activeNow": 1,
        "disabled": 1,
        "newLast7Days": 7,
        "total": 7,
      },
    },
    "status": 200,
  },
  "project detail": {
    "body": {
      "project": {
        "createdAt": "<timestamp>",
        "failedCount": 1,
        "id": "<uuid>",
        "inFlightCount": 0,
        "lastRenderAt": "<timestamp>",
        "name": "Project 74",
        "ownerEmail": "customer@example.test",
        "ownerId": "<uuid>",
        "renderCount": 2,
        "spentUsd": 0.07,
        "thumbnailUrl": null,
        "updatedAt": "<timestamp>",
      },
      "renders": [
        {
          "aspectRatio": "auto",
          "costUsd": 0.04,
          "createdAt": "<timestamp>",
          "creditsCharged": 1,
          "errorMessage": null,
          "falRequestId": null,
          "id": "<uuid>",
          "kind": "render",
          "model": "mock",
          "projectId": "<uuid>",
          "projectName": "Project 74",
          "prompt": "modern house",
          "resultImageUrl": "https://example.test/result.png",
          "seed": null,
          "sourceImageUrl": "https://example.test/source.png",
          "status": "succeeded",
          "stuck": false,
          "style": "Photorealistic",
          "updatedAt": "<timestamp>",
          "userEmail": "customer@example.test",
          "userId": "<uuid>",
          "viewLabel": null,
        },
        {
          "aspectRatio": "auto",
          "costUsd": 0.03,
          "createdAt": "<timestamp>",
          "creditsCharged": 1,
          "errorMessage": null,
          "falRequestId": null,
          "id": "<uuid>",
          "kind": "render",
          "model": "mock",
          "projectId": "<uuid>",
          "projectName": "Project 74",
          "prompt": "second render",
          "resultImageUrl": "https://example.test/result-2.png",
          "seed": null,
          "sourceImageUrl": "https://example.test/source.png",
          "status": "succeeded",
          "stuck": false,
          "style": "Photorealistic",
          "updatedAt": "<timestamp>",
          "userEmail": "customer@example.test",
          "userId": "<uuid>",
          "viewLabel": null,
        },
        {
          "aspectRatio": "auto",
          "costUsd": 0.04,
          "createdAt": "<timestamp>",
          "creditsCharged": 1,
          "errorMessage": "model error",
          "falRequestId": null,
          "id": "<uuid>",
          "kind": "render",
          "model": "mock",
          "projectId": "<uuid>",
          "projectName": "Project 74",
          "prompt": "failed one",
          "resultImageUrl": null,
          "seed": null,
          "sourceImageUrl": "https://example.test/source.png",
          "status": "failed",
          "stuck": false,
          "style": "Photorealistic",
          "updatedAt": "<timestamp>",
          "userEmail": "customer@example.test",
          "userId": "<uuid>",
          "viewLabel": null,
        },
      ],
    },
    "status": 200,
  },
  "projects": {
    "body": {
      "projects": [
        {
          "createdAt": "<timestamp>",
          "failedCount": 0,
          "id": "<uuid>",
          "inFlightCount": 1,
          "lastRenderAt": "<timestamp>",
          "name": "Project 75",
          "ownerEmail": "other@example.test",
          "ownerId": "<uuid>",
          "renderCount": 1,
          "spentUsd": 0.02,
          "thumbnailUrl": null,
          "updatedAt": "<timestamp>",
        },
        {
          "createdAt": "<timestamp>",
          "failedCount": 1,
          "id": "<uuid>",
          "inFlightCount": 0,
          "lastRenderAt": "<timestamp>",
          "name": "Project 74",
          "ownerEmail": "customer@example.test",
          "ownerId": "<uuid>",
          "renderCount": 2,
          "spentUsd": 0.07,
          "thumbnailUrl": null,
          "updatedAt": "<timestamp>",
        },
      ],
      "summary": {
        "activeLast7Days": 2,
        "neverRendered": 0,
        "spentUsd": 0.09,
        "total": 2,
        "withFailures": 1,
      },
      "total": 2,
    },
    "status": 200,
  },
  "render detail": {
    "body": {
      "render": {
        "aspectRatio": "auto",
        "costUsd": 0.04,
        "createdAt": "<timestamp>",
        "creditsCharged": 1,
        "errorMessage": null,
        "falRequestId": null,
        "id": "<uuid>",
        "kind": "render",
        "model": "mock",
        "projectId": "<uuid>",
        "projectName": "Project 74",
        "prompt": "modern house",
        "resultImageUrl": "https://example.test/result.png",
        "seed": null,
        "sourceImageUrl": "https://example.test/source.png",
        "status": "succeeded",
        "stuck": false,
        "style": "Photorealistic",
        "updatedAt": "<timestamp>",
        "userEmail": "customer@example.test",
        "userId": "<uuid>",
        "viewLabel": null,
      },
    },
    "status": 200,
  },
  "renders": {
    "body": {
      "renders": [
        {
          "aspectRatio": "auto",
          "costUsd": 0.02,
          "createdAt": "<timestamp>",
          "creditsCharged": 1,
          "errorMessage": null,
          "falRequestId": null,
          "id": "<uuid>",
          "kind": "render",
          "model": "mock",
          "projectId": "<uuid>",
          "projectName": "Project 75",
          "prompt": "stuck one",
          "resultImageUrl": null,
          "seed": null,
          "sourceImageUrl": "https://example.test/source.png",
          "status": "processing",
          "stuck": true,
          "style": "Photorealistic",
          "updatedAt": "<timestamp>",
          "userEmail": "other@example.test",
          "userId": "<uuid>",
          "viewLabel": null,
        },
        {
          "aspectRatio": "auto",
          "costUsd": 0.04,
          "createdAt": "<timestamp>",
          "creditsCharged": 1,
          "errorMessage": null,
          "falRequestId": null,
          "id": "<uuid>",
          "kind": "render",
          "model": "mock",
          "projectId": "<uuid>",
          "projectName": "Project 74",
          "prompt": "modern house",
          "resultImageUrl": "https://example.test/result.png",
          "seed": null,
          "sourceImageUrl": "https://example.test/source.png",
          "status": "succeeded",
          "stuck": false,
          "style": "Photorealistic",
          "updatedAt": "<timestamp>",
          "userEmail": "customer@example.test",
          "userId": "<uuid>",
          "viewLabel": null,
        },
        {
          "aspectRatio": "auto",
          "costUsd": 0.03,
          "createdAt": "<timestamp>",
          "creditsCharged": 1,
          "errorMessage": null,
          "falRequestId": null,
          "id": "<uuid>",
          "kind": "render",
          "model": "mock",
          "projectId": "<uuid>",
          "projectName": "Project 74",
          "prompt": "second render",
          "resultImageUrl": "https://example.test/result-2.png",
          "seed": null,
          "sourceImageUrl": "https://example.test/source.png",
          "status": "succeeded",
          "stuck": false,
          "style": "Photorealistic",
          "updatedAt": "<timestamp>",
          "userEmail": "customer@example.test",
          "userId": "<uuid>",
          "viewLabel": null,
        },
        {
          "aspectRatio": "auto",
          "costUsd": 0.04,
          "createdAt": "<timestamp>",
          "creditsCharged": 1,
          "errorMessage": "model error",
          "falRequestId": null,
          "id": "<uuid>",
          "kind": "render",
          "model": "mock",
          "projectId": "<uuid>",
          "projectName": "Project 74",
          "prompt": "failed one",
          "resultImageUrl": null,
          "seed": null,
          "sourceImageUrl": "https://example.test/source.png",
          "status": "failed",
          "stuck": false,
          "style": "Photorealistic",
          "updatedAt": "<timestamp>",
          "userEmail": "customer@example.test",
          "userId": "<uuid>",
          "viewLabel": null,
        },
      ],
      "summary": {
        "byStatus": {
          "failed": 1,
          "pending": 0,
          "processing": 1,
          "succeeded": 2,
        },
        "failed": 1,
        "inFlight": 1,
        "models": [
          {
            "count": 4,
            "model": "mock",
          },
        ],
        "spentUsd": 0.09,
        "stuckCount": 1,
        "stuckTimeoutMinutes": 15,
        "total": 4,
      },
      "total": 4,
    },
    "status": 200,
  },
  "renders failed": {
    "body": {
      "renders": [
        {
          "aspectRatio": "auto",
          "costUsd": 0.04,
          "createdAt": "<timestamp>",
          "creditsCharged": 1,
          "errorMessage": "model error",
          "falRequestId": null,
          "id": "<uuid>",
          "kind": "render",
          "model": "mock",
          "projectId": "<uuid>",
          "projectName": "Project 74",
          "prompt": "failed one",
          "resultImageUrl": null,
          "seed": null,
          "sourceImageUrl": "https://example.test/source.png",
          "status": "failed",
          "stuck": false,
          "style": "Photorealistic",
          "updatedAt": "<timestamp>",
          "userEmail": "customer@example.test",
          "userId": "<uuid>",
          "viewLabel": null,
        },
      ],
      "summary": {
        "byStatus": {
          "failed": 1,
          "pending": 0,
          "processing": 1,
          "succeeded": 2,
        },
        "failed": 1,
        "inFlight": 1,
        "models": [
          {
            "count": 4,
            "model": "mock",
          },
        ],
        "spentUsd": 0.09,
        "stuckCount": 1,
        "stuckTimeoutMinutes": 15,
        "total": 4,
      },
      "total": 1,
    },
    "status": 200,
  },
  "segmentation detail": {
    "body": {
      "segmentation": {
        "costUsd": 0.005,
        "createdAt": "<timestamp>",
        "creditsCharged": 1,
        "errorMessage": null,
        "id": "<uuid>",
        "imageUrl": "https://example.test/source.png",
        "mode": "click",
        "model": "mock",
        "objectCount": 2,
        "point": null,
        "prompt": null,
        "status": "succeeded",
        "stuck": false,
        "userEmail": "customer@example.test",
        "userId": "<uuid>",
      },
    },
    "status": 200,
  },
  "segmentations": {
    "body": {
      "segmentations": [
        {
          "costUsd": 0.005,
          "createdAt": "<timestamp>",
          "creditsCharged": 1,
          "errorMessage": null,
          "id": "<uuid>",
          "imageUrl": "https://example.test/source.png",
          "mode": "click",
          "model": "mock",
          "objectCount": 2,
          "point": null,
          "prompt": null,
          "status": "succeeded",
          "stuck": false,
          "userEmail": "customer@example.test",
          "userId": "<uuid>",
        },
      ],
      "summary": {
        "byStatus": {
          "failed": 0,
          "pending": 0,
          "succeeded": 1,
        },
        "failed": 0,
        "models": [
          {
            "count": 1,
            "model": "mock",
          },
        ],
        "pending": 0,
        "spentUsd": 0.005,
        "stuckCount": 0,
        "stuckTimeoutMinutes": 15,
        "total": 1,
      },
      "total": 1,
    },
    "status": 200,
  },
  "settings": {
    "body": {
      "budgetCriticalPercent": 90,
      "budgetWarningPercent": 70,
      "creditsPerImage": 1,
      "creditsPerSelection": 1,
      "dailyRenderLimit": 5,
      "dailySegmentLimit": null,
      "effectiveBudgetUsd": 0,
      "effectiveMode": "mock",
      "envBudgetUsd": null,
      "envMode": null,
      "falBudgetUsd": null,
      "falMode": null,
      "health": {
        "falKeyConfigured": false,
        "storageConfigured": false,
      },
      "lowCreditThreshold": 5,
      "maintenanceMessage": null,
      "maintenanceRenders": false,
      "maintenanceSegments": false,
      "maxCreditBalance": null,
      "maxProjectsPerUser": 2,
      "maxPromptChars": 2000,
      "maxReferenceImages": 8,
      "maxSelectionPromptChars": 200,
      "maxUploadMb": 10,
      "messageAccountDisabled": null,
      "messageBudgetExhausted": null,
      "messageDailyLimit": null,
      "messageInsufficientCredits": null,
      "messageMonthlyLimit": null,
      "models": [
        {
          "costUsd": 0,
          "modelId": "mock",
          "route": "photo",
        },
        {
          "costUsd": 0,
          "modelId": "mock",
          "route": "drawing",
        },
        {
          "costUsd": 0,
          "modelId": "mock",
          "route": "references",
        },
        {
          "costUsd": 0,
          "modelId": "mock",
          "route": "fidelity",
        },
        {
          "costUsd": 0,
          "modelId": "mock",
          "route": "edit",
        },
        {
          "costUsd": 0,
          "modelId": "mock",
          "route": "edit-references",
        },
        {
          "costUsd": 0,
          "modelId": "mock",
          "route": "upscale",
        },
      ],
      "monthlyRenderLimit": null,
      "monthlySegmentLimit": null,
      "recentChanges": [],
      "signupBonusCredits": 25,
      "spentUsd": 0.095,
      "stuckTimeoutMinutes": 15,
      "updatedAt": "<timestamp>",
      "updatedByEmail": null,
    },
    "status": 200,
  },
  "user detail": {
    "body": {
      "entitlement": null,
      "ledger": [
        {
          "actorEmail": null,
          "amount": 50,
          "createdAt": "<timestamp>",
          "id": "<uuid>",
          "note": "PayPal capture CAPTURE-SEED",
          "reason": "purchase",
          "renderId": null,
          "segmentationId": null,
        },
        {
          "actorEmail": null,
          "amount": -1,
          "createdAt": "<timestamp>",
          "id": "<uuid>",
          "note": null,
          "reason": "render",
          "renderId": "<uuid>",
          "segmentationId": null,
        },
        {
          "actorEmail": null,
          "amount": -1,
          "createdAt": "<timestamp>",
          "id": "<uuid>",
          "note": null,
          "reason": "segment",
          "renderId": null,
          "segmentationId": "<uuid>",
        },
        {
          "actorEmail": "admin@renvia.test",
          "amount": 5,
          "createdAt": "<timestamp>",
          "id": "<uuid>",
          "note": "goodwill",
          "reason": "admin_grant",
          "renderId": null,
          "segmentationId": null,
        },
        {
          "actorEmail": null,
          "amount": 25,
          "createdAt": "<timestamp>",
          "id": "<uuid>",
          "note": null,
          "reason": "signup_bonus",
          "renderId": null,
          "segmentationId": null,
        },
      ],
      "limits": {
        "concurrentRenders": 1,
        "dailyRenders": 5,
        "dailySegments": null,
        "exempt": false,
        "lowCreditThreshold": 5,
        "maxCreditBalance": null,
        "maxProjects": 2,
        "maxPromptChars": 2000,
        "maxReferenceImages": 8,
        "maxSelectionPromptChars": 200,
        "maxUploadMb": 10,
        "monthlyRenders": null,
        "monthlySegments": null,
        "overridden": {
          "dailyRenders": false,
          "dailySegments": false,
          "monthlyRenders": false,
          "monthlySegments": false,
        },
      },
      "notes": [],
      "payments": [
        {
          "amountCents": 1000,
          "createdAt": "<timestamp>",
          "currency": "USD",
          "id": "<uuid>",
          "paidAt": "<timestamp>",
          "provider": "paypal",
          "status": "paid",
        },
      ],
      "projects": [
        {
          "createdAt": "<timestamp>",
          "id": "<uuid>",
          "name": "Project 74",
          "updatedAt": "<timestamp>",
        },
      ],
      "recentErrors": [
        {
          "createdAt": "<timestamp>",
          "errorMessage": "model error",
          "id": "<uuid>",
          "projectName": "Project 74",
        },
      ],
      "renders": [
        {
          "aspectRatio": "auto",
          "costUsd": 0.04,
          "createdAt": "<timestamp>",
          "creditsCharged": 1,
          "errorMessage": null,
          "falRequestId": null,
          "id": "<uuid>",
          "kind": "render",
          "model": "mock",
          "projectId": "<uuid>",
          "projectName": "Project 74",
          "prompt": "modern house",
          "resultImageUrl": "https://example.test/result.png",
          "seed": null,
          "sourceImageUrl": "https://example.test/source.png",
          "status": "succeeded",
          "stuck": false,
          "style": "Photorealistic",
          "updatedAt": "<timestamp>",
          "userEmail": "customer@example.test",
          "userId": "<uuid>",
          "viewLabel": null,
        },
        {
          "aspectRatio": "auto",
          "costUsd": 0.03,
          "createdAt": "<timestamp>",
          "creditsCharged": 1,
          "errorMessage": null,
          "falRequestId": null,
          "id": "<uuid>",
          "kind": "render",
          "model": "mock",
          "projectId": "<uuid>",
          "projectName": "Project 74",
          "prompt": "second render",
          "resultImageUrl": "https://example.test/result-2.png",
          "seed": null,
          "sourceImageUrl": "https://example.test/source.png",
          "status": "succeeded",
          "stuck": false,
          "style": "Photorealistic",
          "updatedAt": "<timestamp>",
          "userEmail": "customer@example.test",
          "userId": "<uuid>",
          "viewLabel": null,
        },
        {
          "aspectRatio": "auto",
          "costUsd": 0.04,
          "createdAt": "<timestamp>",
          "creditsCharged": 1,
          "errorMessage": "model error",
          "falRequestId": null,
          "id": "<uuid>",
          "kind": "render",
          "model": "mock",
          "projectId": "<uuid>",
          "projectName": "Project 74",
          "prompt": "failed one",
          "resultImageUrl": null,
          "seed": null,
          "sourceImageUrl": "https://example.test/source.png",
          "status": "failed",
          "stuck": false,
          "style": "Photorealistic",
          "updatedAt": "<timestamp>",
          "userEmail": "customer@example.test",
          "userId": "<uuid>",
          "viewLabel": null,
        },
      ],
      "tags": [],
      "usage": {
        "projects": 1,
        "rendersInFlight": 0,
        "rendersThisMonth": 2,
        "rendersToday": 0,
        "segmentsThisMonth": 1,
        "segmentsToday": 0,
      },
      "user": {
        "clerkId": "customer",
        "createdAt": "<timestamp>",
        "creditBalance": 90,
        "dailyRenderLimitOverride": null,
        "dailySegmentLimitOverride": null,
        "disabled": false,
        "email": "customer@example.test",
        "id": "<uuid>",
        "lastActiveAt": "<timestamp>",
        "lastRenderAt": "<timestamp>",
        "limitsExempt": false,
        "monthlyRenderLimitOverride": null,
        "monthlySegmentLimitOverride": null,
        "renderCount": 2,
        "role": "user",
        "spentUsd": 0.07,
      },
    },
    "status": 200,
  },
  "users": {
    "body": {
      "summary": {
        "admins": 1,
        "disabled": 1,
        "lowBalance": 1,
        "total": 7,
      },
      "total": 7,
      "users": [
        {
          "clerkId": "billing",
          "createdAt": "<timestamp>",
          "creditBalance": 10,
          "dailyRenderLimitOverride": null,
          "dailySegmentLimitOverride": null,
          "disabled": false,
          "email": "billing@renvia.test",
          "id": "<uuid>",
          "lastActiveAt": null,
          "lastRenderAt": null,
          "limitsExempt": false,
          "monthlyRenderLimitOverride": null,
          "monthlySegmentLimitOverride": null,
          "renderCount": 0,
          "role": "billing",
          "spentUsd": 0,
        },
        {
          "clerkId": "analyst",
          "createdAt": "<timestamp>",
          "creditBalance": 10,
          "dailyRenderLimitOverride": null,
          "dailySegmentLimitOverride": null,
          "disabled": false,
          "email": "analyst@renvia.test",
          "id": "<uuid>",
          "lastActiveAt": null,
          "lastRenderAt": null,
          "limitsExempt": false,
          "monthlyRenderLimitOverride": null,
          "monthlySegmentLimitOverride": null,
          "renderCount": 0,
          "role": "analyst",
          "spentUsd": 0,
        },
        {
          "clerkId": "support",
          "createdAt": "<timestamp>",
          "creditBalance": 10,
          "dailyRenderLimitOverride": null,
          "dailySegmentLimitOverride": null,
          "disabled": false,
          "email": "support@renvia.test",
          "id": "<uuid>",
          "lastActiveAt": null,
          "lastRenderAt": null,
          "limitsExempt": false,
          "monthlyRenderLimitOverride": null,
          "monthlySegmentLimitOverride": null,
          "renderCount": 0,
          "role": "support",
          "spentUsd": 0,
        },
        {
          "clerkId": "user",
          "createdAt": "<timestamp>",
          "creditBalance": 10,
          "dailyRenderLimitOverride": null,
          "dailySegmentLimitOverride": null,
          "disabled": false,
          "email": "user@renvia.test",
          "id": "<uuid>",
          "lastActiveAt": null,
          "lastRenderAt": null,
          "limitsExempt": false,
          "monthlyRenderLimitOverride": null,
          "monthlySegmentLimitOverride": null,
          "renderCount": 0,
          "role": "user",
          "spentUsd": 0,
        },
        {
          "clerkId": "other",
          "createdAt": "<timestamp>",
          "creditBalance": 0,
          "dailyRenderLimitOverride": null,
          "dailySegmentLimitOverride": null,
          "disabled": true,
          "email": "other@example.test",
          "id": "<uuid>",
          "lastActiveAt": null,
          "lastRenderAt": "<timestamp>",
          "limitsExempt": false,
          "monthlyRenderLimitOverride": null,
          "monthlySegmentLimitOverride": null,
          "renderCount": 1,
          "role": "user",
          "spentUsd": 0.02,
        },
        {
          "clerkId": "admin",
          "createdAt": "<timestamp>",
          "creditBalance": 10,
          "dailyRenderLimitOverride": null,
          "dailySegmentLimitOverride": null,
          "disabled": false,
          "email": "admin@renvia.test",
          "id": "<uuid>",
          "lastActiveAt": "<timestamp>",
          "lastRenderAt": null,
          "limitsExempt": false,
          "monthlyRenderLimitOverride": null,
          "monthlySegmentLimitOverride": null,
          "renderCount": 0,
          "role": "admin",
          "spentUsd": 0,
        },
        {
          "clerkId": "customer",
          "createdAt": "<timestamp>",
          "creditBalance": 90,
          "dailyRenderLimitOverride": null,
          "dailySegmentLimitOverride": null,
          "disabled": false,
          "email": "customer@example.test",
          "id": "<uuid>",
          "lastActiveAt": "<timestamp>",
          "lastRenderAt": "<timestamp>",
          "limitsExempt": false,
          "monthlyRenderLimitOverride": null,
          "monthlySegmentLimitOverride": null,
          "renderCount": 2,
          "role": "user",
          "spentUsd": 0.07,
        },
      ],
    },
    "status": 200,
  },
  "users search": {
    "body": {
      "summary": {
        "admins": 1,
        "disabled": 1,
        "lowBalance": 1,
        "total": 7,
      },
      "total": 1,
      "users": [
        {
          "clerkId": "customer",
          "createdAt": "<timestamp>",
          "creditBalance": 90,
          "dailyRenderLimitOverride": null,
          "dailySegmentLimitOverride": null,
          "disabled": false,
          "email": "customer@example.test",
          "id": "<uuid>",
          "lastActiveAt": "<timestamp>",
          "lastRenderAt": "<timestamp>",
          "limitsExempt": false,
          "monthlyRenderLimitOverride": null,
          "monthlySegmentLimitOverride": null,
          "renderCount": 2,
          "role": "user",
          "spentUsd": 0.07,
        },
      ],
    },
    "status": 200,
  },
}
`;

exports[`admin route table > registers the same routes in the same order 1`] = `
[
  "ALL /*",
  "ALL /*",
  "GET /overview",
  "GET /users",
  "GET /governance",
  "PUT /governance",
  "POST /users/bulk-credits",
  "POST /approvals/:id/approve",
  "POST /approvals/:id/reject",
  "POST /approvals/:id/execute",
  "GET /users/:id",
  "POST /users/:id/notes",
  "POST /users/:id/tags",
  "POST /users/:id/revoke-sessions",
  "POST /users/:id/credits",
  "PATCH /users/:id",
  "GET /renders",
  "GET /renders/:id",
  "POST /renders/:id/refresh",
  "POST /renders/:id/cancel",
  "GET /settings",
  "PUT /settings",
  "GET /projects",
  "GET /projects/:id",
  "GET /credits",
  "GET /billing",
  "GET /financials",
  "GET /operations/queue",
  "POST /billing/payments/:id/refund",
  "POST /billing/webhooks/:id/replay",
  "GET /segmentations",
  "GET /segmentations/:id",
  "POST /segmentations/:id/recover",
  "GET /incidents",
  "POST /incidents/sync",
  "POST /incidents/:id/assign",
  "POST /incidents/:id/acknowledge",
  "POST /incidents/:id/severity",
  "POST /incidents/:id/resolve",
  "POST /incidents/:id/notify",
  "GET /audit",
  "POST /audit/exports",
  "GET /audit/exports/:id",
]
`;
